=== dump Tue Jul 21 17:14:19 UTC 2026 ===
Warning: You are sending unauthenticated requests to the HF Hub. Please set a HF_TOKEN to enable higher rate limits and faster downloads.
Loading weights:   0%|          | 0/148 [00:00<?, ?it/s]Loading weights:  15%|█▍        | 22/148 [00:00<00:00, 187.73it/s]Loading weights:  47%|████▋     | 70/148 [00:00<00:00, 346.77it/s]Loading weights:  72%|███████▏  | 106/148 [00:00<00:00, 343.29it/s]Loading weights:  96%|█████████▌| 142/148 [00:00<00:00, 348.21it/s]Loading weights: 100%|██████████| 148/148 [00:00<00:00, 233.19it/s]
[transformers] Token indices sequence length is longer than the specified maximum sequence length for this model (1217 > 1024). Running this sequence through the model will result in indexing errors
train 8160/10000000  held 0/2000000
train 505920/10000000  held 0/2000000
train 1003680/10000000  held 0/2000000
train 1501440/10000000  held 0/2000000
train 2007360/10000000  held 0/2000000
train 2505120/10000000  held 0/2000000
train 3002880/10000000  held 0/2000000
train 3500640/10000000  held 0/2000000
train 4006560/10000000  held 0/2000000
train 4504320/10000000  held 0/2000000
train 5002080/10000000  held 0/2000000
train 5508000/10000000  held 0/2000000
train 6005760/10000000  held 0/2000000
train 6503520/10000000  held 0/2000000
train 7001280/10000000  held 0/2000000
train 7507200/10000000  held 0/2000000
train 8004960/10000000  held 0/2000000
train 8502720/10000000  held 0/2000000
train 9000480/10000000  held 0/2000000
train 9506400/10000000  held 0/2000000
train 10000000/10000000  held 4160/2000000
train 10000000/10000000  held 12320/2000000
train 10000000/10000000  held 20480/2000000
train 10000000/10000000  held 28640/2000000
train 10000000/10000000  held 36800/2000000
train 10000000/10000000  held 44960/2000000
train 10000000/10000000  held 53120/2000000
train 10000000/10000000  held 61280/2000000
train 10000000/10000000  held 69440/2000000
train 10000000/10000000  held 77600/2000000
train 10000000/10000000  held 85760/2000000
train 10000000/10000000  held 93920/2000000
train 10000000/10000000  held 102080/2000000
train 10000000/10000000  held 110240/2000000
train 10000000/10000000  held 118400/2000000
train 10000000/10000000  held 126560/2000000
train 10000000/10000000  held 134720/2000000
train 10000000/10000000  held 142880/2000000
train 10000000/10000000  held 151040/2000000
train 10000000/10000000  held 159200/2000000
train 10000000/10000000  held 167360/2000000
train 10000000/10000000  held 175520/2000000
train 10000000/10000000  held 183680/2000000
train 10000000/10000000  held 191840/2000000
train 10000000/10000000  held 200000/2000000
train 10000000/10000000  held 208160/2000000
train 10000000/10000000  held 216320/2000000
train 10000000/10000000  held 224480/2000000
train 10000000/10000000  held 232640/2000000
train 10000000/10000000  held 240800/2000000
train 10000000/10000000  held 248960/2000000
train 10000000/10000000  held 257120/2000000
train 10000000/10000000  held 265280/2000000
train 10000000/10000000  held 273440/2000000
train 10000000/10000000  held 281600/2000000
train 10000000/10000000  held 289760/2000000
train 10000000/10000000  held 297920/2000000
train 10000000/10000000  held 306080/2000000
train 10000000/10000000  held 314240/2000000
train 10000000/10000000  held 322400/2000000
train 10000000/10000000  held 330560/2000000
train 10000000/10000000  held 338720/2000000
train 10000000/10000000  held 346880/2000000
train 10000000/10000000  held 355040/2000000
train 10000000/10000000  held 363200/2000000
train 10000000/10000000  held 371360/2000000
train 10000000/10000000  held 379520/2000000
train 10000000/10000000  held 387680/2000000
train 10000000/10000000  held 395840/2000000
train 10000000/10000000  held 404000/2000000
train 10000000/10000000  held 412160/2000000
train 10000000/10000000  held 420320/2000000
train 10000000/10000000  held 428480/2000000
train 10000000/10000000  held 436640/2000000
train 10000000/10000000  held 444800/2000000
train 10000000/10000000  held 452960/2000000
train 10000000/10000000  held 461120/2000000
train 10000000/10000000  held 469280/2000000
train 10000000/10000000  held 477440/2000000
train 10000000/10000000  held 485600/2000000
train 10000000/10000000  held 493760/2000000
train 10000000/10000000  held 501920/2000000
train 10000000/10000000  held 510080/2000000
train 10000000/10000000  held 518240/2000000
train 10000000/10000000  held 526400/2000000
train 10000000/10000000  held 534560/2000000
train 10000000/10000000  held 542720/2000000
train 10000000/10000000  held 550880/2000000
train 10000000/10000000  held 559040/2000000
train 10000000/10000000  held 567200/2000000
train 10000000/10000000  held 575360/2000000
train 10000000/10000000  held 583520/2000000
train 10000000/10000000  held 591680/2000000
train 10000000/10000000  held 599840/2000000
train 10000000/10000000  held 608000/2000000
train 10000000/10000000  held 616160/2000000
train 10000000/10000000  held 624320/2000000
train 10000000/10000000  held 632480/2000000
train 10000000/10000000  held 640640/2000000
train 10000000/10000000  held 648800/2000000
train 10000000/10000000  held 656960/2000000
train 10000000/10000000  held 665120/2000000
train 10000000/10000000  held 673280/2000000
train 10000000/10000000  held 681440/2000000
train 10000000/10000000  held 689600/2000000
train 10000000/10000000  held 697760/2000000
train 10000000/10000000  held 705920/2000000
train 10000000/10000000  held 714080/2000000
train 10000000/10000000  held 722240/2000000
train 10000000/10000000  held 730400/2000000
train 10000000/10000000  held 738560/2000000
train 10000000/10000000  held 746720/2000000
train 10000000/10000000  held 754880/2000000
train 10000000/10000000  held 763040/2000000
train 10000000/10000000  held 771200/2000000
train 10000000/10000000  held 779360/2000000
train 10000000/10000000  held 787520/2000000
train 10000000/10000000  held 795680/2000000
train 10000000/10000000  held 803840/2000000
train 10000000/10000000  held 812000/2000000
train 10000000/10000000  held 820160/2000000
train 10000000/10000000  held 828320/2000000
train 10000000/10000000  held 836480/2000000
train 10000000/10000000  held 844640/2000000
train 10000000/10000000  held 852800/2000000
train 10000000/10000000  held 860960/2000000
train 10000000/10000000  held 869120/2000000
train 10000000/10000000  held 877280/2000000
train 10000000/10000000  held 885440/2000000
train 10000000/10000000  held 893600/2000000
train 10000000/10000000  held 901760/2000000
train 10000000/10000000  held 909920/2000000
train 10000000/10000000  held 918080/2000000
train 10000000/10000000  held 926240/2000000
train 10000000/10000000  held 934400/2000000
train 10000000/10000000  held 942560/2000000
train 10000000/10000000  held 950720/2000000
train 10000000/10000000  held 958880/2000000
train 10000000/10000000  held 967040/2000000
train 10000000/10000000  held 975200/2000000
train 10000000/10000000  held 983360/2000000
train 10000000/10000000  held 991520/2000000
train 10000000/10000000  held 999680/2000000
train 10000000/10000000  held 1007840/2000000
train 10000000/10000000  held 1016000/2000000
train 10000000/10000000  held 1024160/2000000
train 10000000/10000000  held 1032320/2000000
train 10000000/10000000  held 1040480/2000000
train 10000000/10000000  held 1048640/2000000
train 10000000/10000000  held 1056800/2000000
train 10000000/10000000  held 1064960/2000000
train 10000000/10000000  held 1073120/2000000
train 10000000/10000000  held 1081280/2000000
train 10000000/10000000  held 1089440/2000000
train 10000000/10000000  held 1097600/2000000
train 10000000/10000000  held 1105760/2000000
train 10000000/10000000  held 1113920/2000000
train 10000000/10000000  held 1122080/2000000
train 10000000/10000000  held 1130240/2000000
train 10000000/10000000  held 1138400/2000000
train 10000000/10000000  held 1146560/2000000
train 10000000/10000000  held 1154720/2000000
train 10000000/10000000  held 1162880/2000000
train 10000000/10000000  held 1171040/2000000
train 10000000/10000000  held 1179200/2000000
train 10000000/10000000  held 1187360/2000000
train 10000000/10000000  held 1195520/2000000
train 10000000/10000000  held 1203680/2000000
train 10000000/10000000  held 1211840/2000000
train 10000000/10000000  held 1220000/2000000
train 10000000/10000000  held 1228160/2000000
train 10000000/10000000  held 1236320/2000000
train 10000000/10000000  held 1244480/2000000
train 10000000/10000000  held 1252640/2000000
train 10000000/10000000  held 1260800/2000000
train 10000000/10000000  held 1268960/2000000
train 10000000/10000000  held 1277120/2000000
train 10000000/10000000  held 1285280/2000000
train 10000000/10000000  held 1293440/2000000
train 10000000/10000000  held 1301600/2000000
train 10000000/10000000  held 1309760/2000000
train 10000000/10000000  held 1317920/2000000
train 10000000/10000000  held 1326080/2000000
train 10000000/10000000  held 1334240/2000000
train 10000000/10000000  held 1342400/2000000
train 10000000/10000000  held 1350560/2000000
train 10000000/10000000  held 1358720/2000000
train 10000000/10000000  held 1366880/2000000
train 10000000/10000000  held 1375040/2000000
train 10000000/10000000  held 1383200/2000000
train 10000000/10000000  held 1391360/2000000
train 10000000/10000000  held 1399520/2000000
train 10000000/10000000  held 1407680/2000000
train 10000000/10000000  held 1415840/2000000
train 10000000/10000000  held 1424000/2000000
train 10000000/10000000  held 1432160/2000000
train 10000000/10000000  held 1440320/2000000
train 10000000/10000000  held 1448480/2000000
train 10000000/10000000  held 1456640/2000000
train 10000000/10000000  held 1464800/2000000
train 10000000/10000000  held 1472960/2000000
train 10000000/10000000  held 1481120/2000000
train 10000000/10000000  held 1489280/2000000
train 10000000/10000000  held 1497440/2000000
train 10000000/10000000  held 1505600/2000000
train 10000000/10000000  held 1513760/2000000
train 10000000/10000000  held 1521920/2000000
train 10000000/10000000  held 1530080/2000000
train 10000000/10000000  held 1538240/2000000
train 10000000/10000000  held 1546400/2000000
train 10000000/10000000  held 1554560/2000000
train 10000000/10000000  held 1562720/2000000
train 10000000/10000000  held 1570880/2000000
train 10000000/10000000  held 1579040/2000000
train 10000000/10000000  held 1587200/2000000
train 10000000/10000000  held 1595360/2000000
train 10000000/10000000  held 1603520/2000000
train 10000000/10000000  held 1611680/2000000
train 10000000/10000000  held 1619840/2000000
train 10000000/10000000  held 1628000/2000000
train 10000000/10000000  held 1636160/2000000
train 10000000/10000000  held 1644320/2000000
train 10000000/10000000  held 1652480/2000000
train 10000000/10000000  held 1660640/2000000
train 10000000/10000000  held 1668800/2000000
train 10000000/10000000  held 1676960/2000000
train 10000000/10000000  held 1685120/2000000
train 10000000/10000000  held 1693280/2000000
train 10000000/10000000  held 1701440/2000000
train 10000000/10000000  held 1709600/2000000
train 10000000/10000000  held 1717760/2000000
train 10000000/10000000  held 1725920/2000000
train 10000000/10000000  held 1734080/2000000
train 10000000/10000000  held 1742240/2000000
train 10000000/10000000  held 1750400/2000000
train 10000000/10000000  held 1758560/2000000
train 10000000/10000000  held 1766720/2000000
train 10000000/10000000  held 1774880/2000000
train 10000000/10000000  held 1783040/2000000
train 10000000/10000000  held 1791200/2000000
train 10000000/10000000  held 1799360/2000000
train 10000000/10000000  held 1807520/2000000
train 10000000/10000000  held 1815680/2000000
train 10000000/10000000  held 1823840/2000000
train 10000000/10000000  held 1832000/2000000
train 10000000/10000000  held 1840160/2000000
train 10000000/10000000  held 1848320/2000000
train 10000000/10000000  held 1856480/2000000
train 10000000/10000000  held 1864640/2000000
train 10000000/10000000  held 1872800/2000000
train 10000000/10000000  held 1880960/2000000
train 10000000/10000000  held 1889120/2000000
train 10000000/10000000  held 1897280/2000000
train 10000000/10000000  held 1905440/2000000
train 10000000/10000000  held 1913600/2000000
train 10000000/10000000  held 1921760/2000000
train 10000000/10000000  held 1929920/2000000
train 10000000/10000000  held 1938080/2000000
train 10000000/10000000  held 1946240/2000000
train 10000000/10000000  held 1954400/2000000
train 10000000/10000000  held 1962560/2000000
train 10000000/10000000  held 1970720/2000000
train 10000000/10000000  held 1978880/2000000
train 10000000/10000000  held 1987040/2000000
train 10000000/10000000  held 1995200/2000000
train 10000000/10000000  held 2000000/2000000
DONE train=10000000 held=2000000
=== train x5 Tue Jul 21 17:16:32 UTC 2026 ===
seed 0 ep 0 step 0/2441 loss 5586.074 L0 3073.3
seed 0 ep 0 step 500/2441 loss 110.272 L0 1005.2
seed 0 ep 0 step 1000/2441 loss 65.589 L0 1176.5
seed 0 ep 0 step 1500/2441 loss 32.860 L0 1376.4
seed 0 ep 0 step 2000/2441 loss 8.929 L0 1550.7
seed 0 ep 1 step 0/2441 loss 4.752 L0 1559.2
seed 0 ep 1 step 500/2441 loss 4.416 L0 1547.7
seed 0 ep 1 step 1000/2441 loss 1.854 L0 1565.4
seed 0 ep 1 step 1500/2441 loss 8.229 L0 1541.3
seed 0 ep 1 step 2000/2441 loss 1.202 L0 1554.0
seed 0 ep 2 step 0/2441 loss 1.216 L0 1549.3
seed 0 ep 2 step 500/2441 loss 1.830 L0 1532.1
seed 0 ep 2 step 1000/2441 loss 0.901 L0 1559.4
seed 0 ep 2 step 1500/2441 loss 1.651 L0 1550.3
seed 0 ep 2 step 2000/2441 loss 12.790 L0 1552.2
seed 0 done; dead fraction 0.000
seed 1 ep 0 step 0/2441 loss 5568.643 L0 3073.9
seed 1 ep 0 step 500/2441 loss 111.049 L0 1001.0
seed 1 ep 0 step 1000/2441 loss 65.643 L0 1184.5
seed 1 ep 0 step 1500/2441 loss 31.780 L0 1382.7
seed 1 ep 0 step 2000/2441 loss 9.003 L0 1541.9
seed 1 ep 1 step 0/2441 loss 5.068 L0 1542.0
seed 1 ep 1 step 500/2441 loss 3.634 L0 1527.5
seed 1 ep 1 step 1000/2441 loss 2.046 L0 1544.9
seed 1 ep 1 step 1500/2441 loss 6.671 L0 1525.8
seed 1 ep 1 step 2000/2441 loss 1.232 L0 1534.4
seed 1 ep 2 step 0/2441 loss 1.247 L0 1528.5
seed 1 ep 2 step 500/2441 loss 1.604 L0 1517.7
seed 1 ep 2 step 1000/2441 loss 0.907 L0 1537.6
seed 1 ep 2 step 1500/2441 loss 1.617 L0 1529.6
seed 1 ep 2 step 2000/2441 loss 10.778 L0 1530.8
seed 1 done; dead fraction 0.000
seed 2 ep 0 step 0/2441 loss 5566.744 L0 3071.4
seed 2 ep 0 step 500/2441 loss 110.550 L0 1015.7
seed 2 ep 0 step 1000/2441 loss 64.981 L0 1175.3
seed 2 ep 0 step 1500/2441 loss 31.741 L0 1388.5
seed 2 ep 0 step 2000/2441 loss 8.640 L0 1546.9
seed 2 ep 1 step 0/2441 loss 5.656 L0 1550.7
seed 2 ep 1 step 500/2441 loss 3.397 L0 1522.9
seed 2 ep 1 step 1000/2441 loss 2.610 L0 1550.2
seed 2 ep 1 step 1500/2441 loss 9.566 L0 1527.6
seed 2 ep 1 step 2000/2441 loss 1.212 L0 1541.9
seed 2 ep 2 step 0/2441 loss 1.260 L0 1534.2
seed 2 ep 2 step 500/2441 loss 1.711 L0 1522.3
seed 2 ep 2 step 1000/2441 loss 0.900 L0 1544.2
seed 2 ep 2 step 1500/2441 loss 2.508 L0 1537.6
seed 2 ep 2 step 2000/2441 loss 12.490 L0 1536.3
seed 2 done; dead fraction 0.000
seed 3 ep 0 step 0/2441 loss 5562.793 L0 3068.7
seed 3 ep 0 step 500/2441 loss 110.176 L0 1011.6
seed 3 ep 0 step 1000/2441 loss 64.797 L0 1170.7
seed 3 ep 0 step 1500/2441 loss 31.749 L0 1378.2
seed 3 ep 0 step 2000/2441 loss 8.713 L0 1540.2
seed 3 ep 1 step 0/2441 loss 5.182 L0 1546.6
seed 3 ep 1 step 500/2441 loss 3.688 L0 1524.5
seed 3 ep 1 step 1000/2441 loss 1.909 L0 1550.2
seed 3 ep 1 step 1500/2441 loss 8.586 L0 1526.6
seed 3 ep 1 step 2000/2441 loss 1.203 L0 1542.3
seed 3 ep 2 step 0/2441 loss 1.240 L0 1533.1
seed 3 ep 2 step 500/2441 loss 1.602 L0 1524.7
seed 3 ep 2 step 1000/2441 loss 0.911 L0 1543.2
seed 3 ep 2 step 1500/2441 loss 1.587 L0 1533.7
seed 3 ep 2 step 2000/2441 loss 9.562 L0 1535.7
seed 3 done; dead fraction 0.000
seed 4 ep 0 step 0/2441 loss 5536.012 L0 3070.2
seed 4 ep 0 step 500/2441 loss 111.289 L0 1002.4
seed 4 ep 0 step 1000/2441 loss 65.447 L0 1190.3
seed 4 ep 0 step 1500/2441 loss 31.071 L0 1391.2
seed 4 ep 0 step 2000/2441 loss 8.404 L0 1533.8
seed 4 ep 1 step 0/2441 loss 5.180 L0 1539.9
seed 4 ep 1 step 500/2441 loss 3.578 L0 1524.6
seed 4 ep 1 step 1000/2441 loss 2.620 L0 1542.4
seed 4 ep 1 step 1500/2441 loss 8.271 L0 1522.6
seed 4 ep 1 step 2000/2441 loss 1.230 L0 1532.5
seed 4 ep 2 step 0/2441 loss 1.267 L0 1526.0
seed 4 ep 2 step 500/2441 loss 1.634 L0 1515.7
seed 4 ep 2 step 1000/2441 loss 0.901 L0 1536.3
seed 4 ep 2 step 1500/2441 loss 2.363 L0 1529.4
seed 4 ep 2 step 2000/2441 loss 10.141 L0 1528.8
seed 4 done; dead fraction 0.000
=== analyze Tue Jul 21 17:27:41 UTC 2026 ===
# E1 pilot results

seeds=5 width=6144 eval_tokens=1000000 usable_features=1596/6144 (min_n=500) dead_frac_seed0=0.000

raw     Spearman(alpha, instability) = +0.029
PARTIAL Spearman(alpha, instability | log freq, n) = +0.027  [-0.017, +0.074]  <-- P1/K1 pre-registered test

## Frequency-decile bins (within-bin raw Spearman)
  decile 0: n=  160  rho=+0.054
  decile 1: n=  159  rho=-0.040
  decile 2: n=  159  rho=+0.034
  decile 3: n=  160  rho=+0.054
  decile 4: n=  160  rho=-0.083
  decile 5: n=  159  rho=-0.111
  decile 6: n=  160  rho=+0.015
  decile 7: n=  159  rho=+0.098
  decile 8: n=  160  rho=+0.053
  decile 9: n=  160  rho=+0.130

## Matched-null (generic geometry) comparison
  real features:  mean alpha 0.9959
  null halfspaces: mean alpha 0.4006  (n=1000)
  (null features have no instability — they calibrate how alpha varies with
   region geometry/frequency alone; a real effect must survive the partial
   correlation AND not be reproducible by frequency-matched geometry)

## Pre-registered verdict: K1 KILL: CI includes 0 — diagnostic does not beat the frequency confound
=== DONE Tue Jul 21 17:27:53 UTC 2026 ===
